// Jest Snapshot v1, https://goo.gl/fbAQLP

exports[`ConfirmDelete renders 1`] = `
<ModalDialog
  bsClass="modal"
  className="in"
  onClick={[Function]}
  role="document"
  style={Object {}}
  tabIndex="-1"
>
  <div
    className="in modal"
    onClick={[Function]}
    role="dialog"
    style={
      Object {
        "display": "block",
      }
    }
    tabIndex="-1"
  >
    <div
      className="modal-dialog"
    >
      <div
        className="modal-content"
        role="document"
      >
        <div
          className="modal-body"
        >
          <Alert
            iconSize="24px"
            type="error"
          >
            <AlertWrapper
              className="ref-error"
              type="error"
            >
              <div
                className="ref-error css-2p634r-AlertWrapper e1xb5l7j1"
                type="error"
              >
                <StyledTextBlock>
                  <Component
                    className="css-1h3n7tg-TextBlock-StyledTextBlock e1xb5l7j2"
                  >
                    <div
                      className="css-1h3n7tg-TextBlock-StyledTextBlock e1xb5l7j2"
                    >
                      Are you sure?
                    </div>
                  </Component>
                </StyledTextBlock>
              </div>
            </AlertWrapper>
          </Alert>
          <Field
            alignRight={false}
            disabled={false}
            flexibleControlStateSize={true}
            inline={false}
            label={
              <div>
                Please enter 
                <code>
                  CoolOrg
                </code>
                 to confirm the deletion
              </div>
            }
            p={0}
            required={false}
            visible={true}
          >
            <FieldWrapper
              hasControlState={false}
              inline={false}
            >
              <Component
                className="css-11ihpht-FieldWrapper-getPadding-borderStyle-inlineStyle etqqcs20"
              >
                <ForwardRef
                  className="css-11ihpht-FieldWrapper-getPadding-borderStyle-inlineStyle etqqcs20"
                >
                  <Styled(div)
                    className="css-11ihpht-FieldWrapper-getPadding-borderStyle-inlineStyle etqqcs20"
                  >
                    <div
                      className="css-11ihpht-FieldWrapper-getPadding-borderStyle-inlineStyle etqqcs20 css-sncxrr"
                    >
                      <FieldDescription
                        inline={false}
                      >
                        <Component
                          className="css-jq43rd-FieldDescription-inlineStyle e12jefmo0"
                          inline={false}
                        >
                          <label
                            className="css-jq43rd-FieldDescription-inlineStyle e12jefmo0"
                          >
                            <FieldLabel
                              disabled={false}
                            >
                              <div
                                className="css-qzvhly-FieldLabel ejkuyjq0"
                              >
                                <div>
                                  Please enter 
                                  <code>
                                    CoolOrg
                                  </code>
                                   to confirm the deletion
                                </div>
                                 
                              </div>
                            </FieldLabel>
                          </label>
                        </Component>
                      </FieldDescription>
                      <FieldControl
                        alignRight={false}
                        disabled={false}
                        flexibleControlStateSize={true}
                        inline={false}
                      >
                        <FieldControlErrorWrapper
                          inline={false}
                        >
                          <Component
                            className="css-1ge7tqf-FieldControlErrorWrapper e78b1iv0"
                            inline={false}
                          >
                            <ForwardRef
                              className="css-1ge7tqf-FieldControlErrorWrapper e78b1iv0"
                            >
                              <Styled(div)
                                className="css-1ge7tqf-FieldControlErrorWrapper e78b1iv0"
                              >
                                <div
                                  className="css-1ge7tqf-FieldControlErrorWrapper e78b1iv0 css-roynbj"
                                >
                                  <FieldControlWrapper>
                                    <Component
                                      className="css-1ke1xob-FieldControlWrapper e78b1iv2"
                                    >
                                      <ForwardRef
                                        className="css-1ke1xob-FieldControlWrapper e78b1iv2"
                                      >
                                        <Styled(div)
                                          className="css-1ke1xob-FieldControlWrapper e78b1iv2"
                                        >
                                          <div
                                            className="css-1ke1xob-FieldControlWrapper e78b1iv2 css-sncxrr"
                                          >
                                            <FieldControlStyled
                                              alignRight={false}
                                            >
                                              <Component
                                                alignRight={false}
                                                className="css-1pkvhmy-FieldControlStyled e78b1iv1"
                                              >
                                                <ForwardRef
                                                  className="css-1pkvhmy-FieldControlStyled e78b1iv1"
                                                >
                                                  <Styled(div)
                                                    className="css-1pkvhmy-FieldControlStyled e78b1iv1"
                                                  >
                                                    <div
                                                      className="css-1pkvhmy-FieldControlStyled e78b1iv1 css-roynbj"
                                                    >
                                                      <Input
                                                        onChange={[Function]}
                                                        placeholder="CoolOrg"
                                                        type="text"
                                                        value=""
                                                      >
                                                        <input
                                                          className="css-13yodx8-Input-inputStyles e1xej46s0"
                                                          onChange={[Function]}
                                                          placeholder="CoolOrg"
                                                          type="text"
                                                          value=""
                                                        />
                                                      </Input>
                                                    </div>
                                                  </Styled(div)>
                                                </ForwardRef>
                                              </Component>
                                            </FieldControlStyled>
                                            <FieldControlState
                                              flexibleControlStateSize={true}
                                            >
                                              <Component
                                                className="css-1x60lk6-FieldControlState e1rziqw00"
                                                flexibleControlStateSize={true}
                                              >
                                                <ForwardRef
                                                  className="css-1x60lk6-FieldControlState e1rziqw00"
                                                >
                                                  <Styled(div)
                                                    className="css-1x60lk6-FieldControlState e1rziqw00"
                                                  >
                                                    <div
                                                      className="css-1x60lk6-FieldControlState e1rziqw00 css-sncxrr"
                                                    />
                                                  </Styled(div)>
                                                </ForwardRef>
                                              </Component>
                                            </FieldControlState>
                                          </div>
                                        </Styled(div)>
                                      </ForwardRef>
                                    </Component>
                                  </FieldControlWrapper>
                                </div>
                              </Styled(div)>
                            </ForwardRef>
                          </Component>
                        </FieldControlErrorWrapper>
                      </FieldControl>
                    </div>
                  </Styled(div)>
                </ForwardRef>
              </Component>
            </FieldWrapper>
          </Field>
        </div>
        <div
          className="modal-footer"
        >
          <Button
            disabled={false}
            onClick={[Function]}
            style={
              Object {
                "marginRight": 10,
              }
            }
          >
            <StyledButton
              aria-disabled={false}
              aria-label="Cancel"
              disabled={false}
              onClick={[Function]}
              role="button"
              style={
                Object {
                  "marginRight": 10,
                }
              }
            >
              <Component
                aria-disabled={false}
                aria-label="Cancel"
                className="css-cmo08-StyledButton-getColors eqrebog0"
                onClick={[Function]}
                role="button"
                style={
                  Object {
                    "marginRight": 10,
                  }
                }
              >
                <button
                  aria-disabled={false}
                  aria-label="Cancel"
                  className="css-cmo08-StyledButton-getColors eqrebog0"
                  onClick={[Function]}
                  role="button"
                  style={
                    Object {
                      "marginRight": 10,
                    }
                  }
                >
                  <ButtonLabel>
                    <Component
                      className="css-ga4b18-ButtonLabel eqrebog1"
                    >
                      <span
                        className="css-ga4b18-ButtonLabel eqrebog1"
                      >
                        Cancel
                      </span>
                    </Component>
                  </ButtonLabel>
                </button>
              </Component>
            </StyledButton>
          </Button>
          <Button
            autoFocus={true}
            data-test-id="confirm-modal"
            disabled={true}
            onClick={[Function]}
            priority="primary"
          >
            <StyledButton
              aria-disabled={true}
              aria-label="Confirm"
              autoFocus={true}
              data-test-id="confirm-modal"
              disabled={true}
              href={null}
              onClick={[Function]}
              priority="primary"
              role="button"
              to={null}
            >
              <Component
                aria-disabled={true}
                aria-label="Confirm"
                autoFocus={true}
                className="css-bo8dlg-StyledButton-getColors eqrebog0"
                data-test-id="confirm-modal"
                href={null}
                onClick={[Function]}
                role="button"
                to={null}
              >
                <button
                  aria-disabled={true}
                  aria-label="Confirm"
                  autoFocus={true}
                  className="css-bo8dlg-StyledButton-getColors eqrebog0"
                  data-test-id="confirm-modal"
                  href={null}
                  onClick={[Function]}
                  role="button"
                  to={null}
                >
                  <ButtonLabel
                    priority="primary"
                  >
                    <Component
                      className="css-ga4b18-ButtonLabel eqrebog1"
                      priority="primary"
                    >
                      <span
                        className="css-ga4b18-ButtonLabel eqrebog1"
                      >
                        Confirm
                      </span>
                    </Component>
                  </ButtonLabel>
                </button>
              </Component>
            </StyledButton>
          </Button>
        </div>
      </div>
    </div>
  </div>
</ModalDialog>
`;
