// Jest Snapshot v1, https://goo.gl/fbAQLP

exports[`InactivePlugins renders null when no plugins 1`] = `""`;

exports[`InactivePlugins renders plugins list 1`] = `
<Panel>
  <PanelHeader>
    Inactive Integrations
  </PanelHeader>
  <PanelBody
    direction="column"
    disablePadding={true}
    flex={false}
  >
    <ForwardRef
      flex="1"
      flexWrap="wrap"
      p={1}
    >
      <ForwardRef
        key="amazon-sqs"
        m={1}
      >
        <IntegrationButton
          className="ref-plugin-enable-amazon-sqs"
          onClick={[Function]}
        >
          <ForwardRef
            alignItems="center"
            justifyContent="center"
          >
            <ForwardRef
              alignItems="center"
              mr={1}
            >
              <PluginIcon
                pluginId="amazon-sqs"
                size={20}
              />
            </ForwardRef>
            <TextOverflow>
              Amazon SQS
            </TextOverflow>
          </ForwardRef>
        </IntegrationButton>
      </ForwardRef>
      <ForwardRef
        key="github"
        m={1}
      >
        <IntegrationButton
          className="ref-plugin-enable-github"
          onClick={[Function]}
        >
          <ForwardRef
            alignItems="center"
            justifyContent="center"
          >
            <ForwardRef
              alignItems="center"
              mr={1}
            >
              <PluginIcon
                pluginId="github"
                size={20}
              />
            </ForwardRef>
            <TextOverflow>
              GitHub
            </TextOverflow>
          </ForwardRef>
        </IntegrationButton>
      </ForwardRef>
      <ForwardRef
        key="hidden-plugin"
        m={1}
      >
        <IntegrationButton
          className="ref-plugin-enable-hidden-plugin"
          onClick={[Function]}
        >
          <ForwardRef
            alignItems="center"
            justifyContent="center"
          >
            <ForwardRef
              alignItems="center"
              mr={1}
            >
              <PluginIcon
                pluginId="hidden-plugin"
                size={20}
              />
            </ForwardRef>
            <TextOverflow>
              Hidden Plugin
            </TextOverflow>
          </ForwardRef>
        </IntegrationButton>
      </ForwardRef>
    </ForwardRef>
  </PanelBody>
</Panel>
`;
