// Jest Snapshot v1, https://goo.gl/fbAQLP

exports[`MultipleCheckbox renders 1`] = `
<MultipleCheckboxWrapper>
  <ForwardRef
    key="0"
    width={
      Array [
        1,
        0.5,
        0.3333333333333333,
        0.25,
      ]
    }
  >
    <Label>
      <input
        checked={false}
        onChange={[Function]}
        type="checkbox"
        value={0}
      />
      <CheckboxLabel>
        Choice A
      </CheckboxLabel>
    </Label>
  </ForwardRef>
  <ForwardRef
    key="1"
    width={
      Array [
        1,
        0.5,
        0.3333333333333333,
        0.25,
      ]
    }
  >
    <Label>
      <input
        checked={true}
        onChange={[Function]}
        type="checkbox"
        value={1}
      />
      <CheckboxLabel>
        Choice B
      </CheckboxLabel>
    </Label>
  </ForwardRef>
  <ForwardRef
    key="2"
    width={
      Array [
        1,
        0.5,
        0.3333333333333333,
        0.25,
      ]
    }
  >
    <Label>
      <input
        checked={false}
        onChange={[Function]}
        type="checkbox"
        value={2}
      />
      <CheckboxLabel>
        Choice C
      </CheckboxLabel>
    </Label>
  </ForwardRef>
</MultipleCheckboxWrapper>
`;
