// Jest Snapshot v1, https://goo.gl/fbAQLP

exports[`SettingsLayout renders 1`] = `
<Fragment>
  <SettingsColumn>
    <SettingsHeader>
      <ForwardRef
        alignItems="center"
        width={1}
      >
        <ForwardRef
          flex="1"
        >
          <ConnectedSettingsBreadcrumb
            route={Object {}}
            routes={Array []}
          />
        </ForwardRef>
        <StyledSettingsSearch
          routes={Array []}
        />
      </ForwardRef>
    </SettingsHeader>
    <MaxWidthContainer>
      <Content />
    </MaxWidthContainer>
  </SettingsColumn>
</Fragment>
`;
