// Jest Snapshot v1, https://goo.gl/fbAQLP

exports[`StreamGroup renders with anchors 1`] = `
<Group
  alignItems="center"
  onClick={[Function]}
  px={0}
  py={1}
>
  <GroupCheckbox
    ml={2}
  >
    <GuideAnchor
      target="issues"
      type="text"
    />
    <GroupCheckBox
      id="1337"
    />
  </GroupCheckbox>
  <GroupSummary
    flex="1"
    ml={1}
    mr={1}
    width={
      Array [
        0.6666666666666666,
        0.6666666666666666,
        0.5,
      ]
    }
  >
    <withRouter(EventOrGroupHeader)
      data={
        Object {
          "assignedTo": null,
          "id": "1337",
          "project": Object {
            "id": "13",
            "slug": "test",
          },
          "stats": Object {
            "24h": Array [
              Array [
                1517281200,
                2,
              ],
              Array [
                1517310000,
                1,
              ],
            ],
            "30d": Array [
              Array [
                1514764800,
                1,
              ],
              Array [
                1515024000,
                122,
              ],
            ],
          },
          "tags": Array [],
          "type": "error",
        }
      }
    />
    <withRouter(EventOrGroupExtraDetails)
      assignedTo={null}
      id="1337"
      project={
        Object {
          "id": "13",
          "slug": "test",
        }
      }
      stats={
        Object {
          "24h": Array [
            Array [
              1517281200,
              2,
            ],
            Array [
              1517310000,
              1,
            ],
          ],
          "30d": Array [
            Array [
              1514764800,
              1,
            ],
            Array [
              1515024000,
              122,
            ],
          ],
        }
      }
      tags={Array []}
      type="error"
    />
  </GroupSummary>
  <ForwardRef
    className="hidden-xs hidden-sm"
    mx={3}
    width={160}
  >
    <GroupChart
      data={
        Object {
          "assignedTo": null,
          "id": "1337",
          "project": Object {
            "id": "13",
            "slug": "test",
          },
          "stats": Object {
            "24h": Array [
              Array [
                1517281200,
                2,
              ],
              Array [
                1517310000,
                1,
              ],
            ],
            "30d": Array [
              Array [
                1514764800,
                1,
              ],
              Array [
                1515024000,
                122,
              ],
            ],
          },
          "tags": Array [],
          "type": "error",
        }
      }
      id="1337"
      statsPeriod="24h"
    />
  </ForwardRef>
  <ForwardRef
    justifyContent="flex-end"
    mx={3}
    width={
      Array [
        40,
        60,
        80,
        80,
      ]
    }
  >
    <GuideAnchor
      target="events"
      type="text"
    />
    <StyledCount />
  </ForwardRef>
  <ForwardRef
    justifyContent="flex-end"
    mx={3}
    width={
      Array [
        40,
        60,
        80,
        80,
      ]
    }
  >
    <GuideAnchor
      target="users"
      type="text"
    />
    <StyledCount />
  </ForwardRef>
  <ForwardRef
    className="hidden-xs hidden-sm"
    mx={3}
    width={80}
  >
    <AssigneeSelector
      id="1337"
    />
  </ForwardRef>
</Group>
`;
