// Jest Snapshot v1, https://goo.gl/fbAQLP

exports[`SentryAppPermissionsModal installs the application 1`] = `
<SentryAppPermissionsModal
  Body={[Function]}
  Header={[Function]}
  app={
    Object {
      "clientId": "client-id",
      "clientSecret": "client-secret",
      "events": Array [],
      "isAlertable": false,
      "name": "Sample App",
      "overview": "This is an app.",
      "redirectUrl": "https://example/com/setup",
      "schema": Object {},
      "scopes": Array [
        "project:read",
      ],
      "slug": "sample-app",
      "status": "unpublished",
      "uuid": "123456123456123456123456",
      "webhookUrl": "https://example.com/webhook",
    }
  }
  closeModal={[MockFunction]}
  onInstall={[MockFunction]}
  orgId="org-slug"
>
  <ModalHeader
    bsClass="modal-header"
    closeButton={true}
    closeLabel="Close"
    onHide={[MockFunction]}
  >
    <div
      className="modal-header"
    >
      <CloseButton
        label="Close"
        onClick={[MockFunction]}
      >
        <button
          className="close"
          onClick={[MockFunction]}
          type="button"
        >
          <span
            aria-hidden="true"
          >
            ×
          </span>
          <span
            className="sr-only"
          >
            Close
          </span>
        </button>
      </CloseButton>
      Install Sample App
    </div>
  </ModalHeader>
  <ModalBody
    bsClass="modal-body"
    componentClass="div"
  >
    <div
      className="modal-body"
    >
      <Title>
        <p
          className="css-dvcemm-Title e18rmqy21"
        >
          Install on your 
          <strong>
            org-slug
          </strong>
           organization with the following permissions:
        </p>
      </Title>
      <Panel>
        <Component
          className="css-yahxlu-Panel e16u4s2c0"
        >
          <div
            className="css-yahxlu-Panel e16u4s2c0"
          >
            <PanelItem
              key="read"
              p={2}
            >
              <Base
                className="css-125s2dx-PanelItem egwqg5y0"
                p={2}
              >
                <div
                  className="css-125s2dx-PanelItem egwqg5y0"
                  is={null}
                >
                  <p>
                    <strong>
                      Read
                    </strong>
                     access to Project
                  </p>
                </div>
              </Base>
            </PanelItem>
          </div>
        </Component>
      </Panel>
    </div>
  </ModalBody>
  <div
    className="modal-footer"
  >
    <RedirectionInfo>
      <div
        className="css-ysuc35-RedirectionInfo e18rmqy22"
      >
        After installation you'll be redirected to the Sample App service to finish setup.
      </div>
    </RedirectionInfo>
    <StyledButton
      onClick={[Function]}
      priority="success"
    >
      <Button
        className="css-159raph-StyledButton e18rmqy20"
        disabled={false}
        onClick={[Function]}
        priority="success"
      >
        <StyledButton
          aria-disabled={false}
          aria-label="Install"
          className="css-159raph-StyledButton e18rmqy20"
          disabled={false}
          onClick={[Function]}
          priority="success"
          role="button"
        >
          <Component
            aria-disabled={false}
            aria-label="Install"
            className="e18rmqy20 css-17kpa0r-StyledButton-getColors-StyledButton e7bsqvz0"
            onClick={[Function]}
            role="button"
          >
            <button
              aria-disabled={false}
              aria-label="Install"
              className="e18rmqy20 css-17kpa0r-StyledButton-getColors-StyledButton e7bsqvz0"
              onClick={[Function]}
              role="button"
            >
              <ButtonLabel
                priority="success"
              >
                <Component
                  className="css-ga4b18-ButtonLabel e7bsqvz1"
                  priority="success"
                >
                  <span
                    className="css-ga4b18-ButtonLabel e7bsqvz1"
                  >
                    Install
                  </span>
                </Component>
              </ButtonLabel>
            </button>
          </Component>
        </StyledButton>
      </Button>
    </StyledButton>
    <StyledButton
      onClick={[MockFunction]}
    >
      <Button
        className="css-159raph-StyledButton e18rmqy20"
        disabled={false}
        onClick={[MockFunction]}
      >
        <StyledButton
          aria-disabled={false}
          aria-label="Cancel"
          className="css-159raph-StyledButton e18rmqy20"
          disabled={false}
          onClick={[Function]}
          role="button"
        >
          <Component
            aria-disabled={false}
            aria-label="Cancel"
            className="e18rmqy20 css-1xref87-StyledButton-getColors-StyledButton e7bsqvz0"
            onClick={[Function]}
            role="button"
          >
            <button
              aria-disabled={false}
              aria-label="Cancel"
              className="e18rmqy20 css-1xref87-StyledButton-getColors-StyledButton e7bsqvz0"
              onClick={[Function]}
              role="button"
            >
              <ButtonLabel>
                <Component
                  className="css-ga4b18-ButtonLabel e7bsqvz1"
                >
                  <span
                    className="css-ga4b18-ButtonLabel e7bsqvz1"
                  >
                    Cancel
                  </span>
                </Component>
              </ButtonLabel>
            </button>
          </Component>
        </StyledButton>
      </Button>
    </StyledButton>
  </div>
</SentryAppPermissionsModal>
`;

exports[`SentryAppPermissionsModal renders permissions modal 1`] = `
<SentryAppPermissionsModal
  Body={[Function]}
  Header={[Function]}
  app={
    Object {
      "clientId": "client-id",
      "clientSecret": "client-secret",
      "events": Array [],
      "isAlertable": false,
      "name": "Sample App",
      "overview": "This is an app.",
      "redirectUrl": "https://example/com/setup",
      "schema": Object {},
      "scopes": Array [
        "project:read",
      ],
      "slug": "sample-app",
      "status": "unpublished",
      "uuid": "123456123456123456123456",
      "webhookUrl": "https://example.com/webhook",
    }
  }
  closeModal={[MockFunction]}
  onInstall={[MockFunction]}
  orgId="org-slug"
>
  <ModalHeader
    bsClass="modal-header"
    closeButton={true}
    closeLabel="Close"
    onHide={[MockFunction]}
  >
    <div
      className="modal-header"
    >
      <CloseButton
        label="Close"
        onClick={[MockFunction]}
      >
        <button
          className="close"
          onClick={[MockFunction]}
          type="button"
        >
          <span
            aria-hidden="true"
          >
            ×
          </span>
          <span
            className="sr-only"
          >
            Close
          </span>
        </button>
      </CloseButton>
      Install Sample App
    </div>
  </ModalHeader>
  <ModalBody
    bsClass="modal-body"
    componentClass="div"
  >
    <div
      className="modal-body"
    >
      <Title>
        <p
          className="css-dvcemm-Title e18rmqy21"
        >
          Install on your 
          <strong>
            org-slug
          </strong>
           organization with the following permissions:
        </p>
      </Title>
      <Panel>
        <Component
          className="css-yahxlu-Panel e16u4s2c0"
        >
          <div
            className="css-yahxlu-Panel e16u4s2c0"
          >
            <PanelItem
              key="read"
              p={2}
            >
              <Base
                className="css-125s2dx-PanelItem egwqg5y0"
                p={2}
              >
                <div
                  className="css-125s2dx-PanelItem egwqg5y0"
                  is={null}
                >
                  <p>
                    <strong>
                      Read
                    </strong>
                     access to Project
                  </p>
                </div>
              </Base>
            </PanelItem>
          </div>
        </Component>
      </Panel>
    </div>
  </ModalBody>
  <div
    className="modal-footer"
  >
    <RedirectionInfo>
      <div
        className="css-ysuc35-RedirectionInfo e18rmqy22"
      >
        After installation you'll be redirected to the Sample App service to finish setup.
      </div>
    </RedirectionInfo>
    <StyledButton
      onClick={[Function]}
      priority="success"
    >
      <Button
        className="css-159raph-StyledButton e18rmqy20"
        disabled={false}
        onClick={[Function]}
        priority="success"
      >
        <StyledButton
          aria-disabled={false}
          aria-label="Install"
          className="css-159raph-StyledButton e18rmqy20"
          disabled={false}
          onClick={[Function]}
          priority="success"
          role="button"
        >
          <Component
            aria-disabled={false}
            aria-label="Install"
            className="e18rmqy20 css-17kpa0r-StyledButton-getColors-StyledButton e7bsqvz0"
            onClick={[Function]}
            role="button"
          >
            <button
              aria-disabled={false}
              aria-label="Install"
              className="e18rmqy20 css-17kpa0r-StyledButton-getColors-StyledButton e7bsqvz0"
              onClick={[Function]}
              role="button"
            >
              <ButtonLabel
                priority="success"
              >
                <Component
                  className="css-ga4b18-ButtonLabel e7bsqvz1"
                  priority="success"
                >
                  <span
                    className="css-ga4b18-ButtonLabel e7bsqvz1"
                  >
                    Install
                  </span>
                </Component>
              </ButtonLabel>
            </button>
          </Component>
        </StyledButton>
      </Button>
    </StyledButton>
    <StyledButton
      onClick={[MockFunction]}
    >
      <Button
        className="css-159raph-StyledButton e18rmqy20"
        disabled={false}
        onClick={[MockFunction]}
      >
        <StyledButton
          aria-disabled={false}
          aria-label="Cancel"
          className="css-159raph-StyledButton e18rmqy20"
          disabled={false}
          onClick={[Function]}
          role="button"
        >
          <Component
            aria-disabled={false}
            aria-label="Cancel"
            className="e18rmqy20 css-1xref87-StyledButton-getColors-StyledButton e7bsqvz0"
            onClick={[Function]}
            role="button"
          >
            <button
              aria-disabled={false}
              aria-label="Cancel"
              className="e18rmqy20 css-1xref87-StyledButton-getColors-StyledButton e7bsqvz0"
              onClick={[Function]}
              role="button"
            >
              <ButtonLabel>
                <Component
                  className="css-ga4b18-ButtonLabel e7bsqvz1"
                >
                  <span
                    className="css-ga4b18-ButtonLabel e7bsqvz1"
                  >
                    Cancel
                  </span>
                </Component>
              </ButtonLabel>
            </button>
          </Component>
        </StyledButton>
      </Button>
    </StyledButton>
  </div>
</SentryAppPermissionsModal>
`;
