// Jest Snapshot v1, https://goo.gl/fbAQLP

exports[`AccountSubscriptions renders empty 1`] = `
<SideEffect(DocumentTitle)
  title="Subscriptions - Sentry"
>
  <div>
    <SettingsPageHeading
      noTitleStyles={false}
      title="Subscriptions"
    />
    <TextBlock>
      Sentry is committed to respecting your inbox. Our goal is to provide useful content and resources that make fixing errors less painful. Enjoyable even.
    </TextBlock>
    <TextBlock>
      As part of our compliance with the EU’s General Data Protection Regulation (GDPR), starting on 25 May 2018, we’ll only email you according to the marketing categories to which you’ve explicitly opted-in.
    </TextBlock>
    <Panel>
      <EmptyMessage>
        There's no subscription backend present.
      </EmptyMessage>
    </Panel>
    <TextBlock>
      We’re applying GDPR consent and privacy policies to all Sentry contacts, regardless of location. You’ll be able to manage your subscriptions here and from an Unsubscribe link in the footer of all marketing emails.
    </TextBlock>
    <TextBlock>
      Please contact 
      <a
        href="mailto:learn@sentry.io"
      >
        learn@sentry.io
      </a>
       with any questions or suggestions.
    </TextBlock>
  </div>
</SideEffect(DocumentTitle)>
`;

exports[`AccountSubscriptions renders list and can toggle 1`] = `
<AccountSubscriptions>
  <SideEffect(DocumentTitle)
    title="Subscriptions - Sentry"
  >
    <DocumentTitle
      title="Subscriptions - Sentry"
    >
      <div>
        <SettingsPageHeading
          noTitleStyles={false}
          title="Subscriptions"
        >
          <Wrapper>
            <div
              className="css-1r5ylk7-Wrapper e1kblvez2"
            >
              <ForwardRef
                alignItems="center"
              >
                <Styled(div)
                  alignItems="center"
                >
                  <div
                    className="css-5ipae5"
                  >
                    <Title
                      styled={false}
                    >
                      <div
                        className="css-1ky52ze-Title e1kblvez0"
                      >
                        <HeaderTitle>
                          <h4
                            className="css-u1l4am-HeaderTitle e6lvex72"
                          >
                            Subscriptions
                          </h4>
                        </HeaderTitle>
                      </div>
                    </Title>
                  </div>
                </Styled(div)>
              </ForwardRef>
            </div>
          </Wrapper>
        </SettingsPageHeading>
        <TextBlock>
          <Component
            className="css-1geyb25-TextBlock ec8ep340"
          >
            <div
              className="css-1geyb25-TextBlock ec8ep340"
            >
              Sentry is committed to respecting your inbox. Our goal is to provide useful content and resources that make fixing errors less painful. Enjoyable even.
            </div>
          </Component>
        </TextBlock>
        <TextBlock>
          <Component
            className="css-1geyb25-TextBlock ec8ep340"
          >
            <div
              className="css-1geyb25-TextBlock ec8ep340"
            >
              As part of our compliance with the EU’s General Data Protection Regulation (GDPR), starting on 25 May 2018, we’ll only email you according to the marketing categories to which you’ve explicitly opted-in.
            </div>
          </Component>
        </TextBlock>
        <Panel>
          <Component
            className="css-1jn7ahh-Panel e1laxa7d0"
          >
            <div
              className="css-1jn7ahh-Panel e1laxa7d0"
            >
              <div>
                <PanelHeader>
                  <Component
                    className="css-snrzp3-PanelHeader-getPadding e1p8v8nv0"
                  >
                    <ForwardRef
                      alignItems="center"
                      className="css-snrzp3-PanelHeader-getPadding e1p8v8nv0"
                      justifyContent="space-between"
                    >
                      <Styled(div)
                        alignItems="center"
                        className="css-snrzp3-PanelHeader-getPadding e1p8v8nv0"
                        justifyContent="space-between"
                      >
                        <div
                          className="css-snrzp3-PanelHeader-getPadding e1p8v8nv0 css-v7pzd9"
                        >
                          Subscription
                        </div>
                      </Styled(div)>
                    </ForwardRef>
                  </Component>
                </PanelHeader>
                <PanelBody
                  direction="column"
                  disablePadding={true}
                  flex={false}
                >
                  <div
                    className="css-9vq8an-textStyles"
                  >
                    <PanelItem
                      alignItems="center"
                      key="2"
                      p={2}
                    >
                      <div
                        className="css-lvujfs-PanelItem eo8n7lk0"
                      >
                        <ForwardRef
                          pr={2}
                          width={0.5}
                        >
                          <Styled(div)
                            pr={2}
                            width={0.5}
                          >
                            <div
                              className="css-1e7c5fs"
                              width={0.5}
                            >
                              <SubscriptionName>
                                <div
                                  className="css-tt56b0-SubscriptionName er83abj0"
                                >
                                  Product & Feature Updates
                                </div>
                              </SubscriptionName>
                              <Description>
                                <div
                                  className="css-781ki1-Description er83abj1"
                                >
                                  Everything you need to know about Sentry features, integrations, partnerships, and launches.
                                </div>
                              </Description>
                              <SubscribedDescription>
                                <div
                                  className="css-19frbfu-Description-SubscribedDescription er83abj2"
                                >
                                  <div>
                                    test@sentry.io
                                     on
                                     
                                    <DateTime
                                      date="2018-01-08T05:14:59.102Z"
                                      seconds={true}
                                      shortDate={true}
                                    >
                                      <time>
                                        01/08/2018
                                      </time>
                                    </DateTime>
                                  </div>
                                </div>
                              </SubscribedDescription>
                            </div>
                          </Styled(div)>
                        </ForwardRef>
                        <ForwardRef>
                          <Styled(div)>
                            <div
                              className="css-roynbj"
                            >
                              <Switch
                                isActive={true}
                                size="lg"
                                toggle={[Function]}
                              >
                                <SwitchContainer
                                  aria-checked={true}
                                  data-test-id="switch"
                                  isActive={true}
                                  onClick={[Function]}
                                  role="checkbox"
                                  size="lg"
                                >
                                  <div
                                    aria-checked={true}
                                    className="css-tg8hnx-SwitchContainer e1wgeblw0"
                                    data-test-id="switch"
                                    onClick={[Function]}
                                    role="checkbox"
                                    size="lg"
                                  >
                                    <Toggle
                                      isActive={true}
                                      size="lg"
                                    >
                                      <span
                                        className="css-s79gh4-Toggle e1wgeblw1"
                                        size="lg"
                                      />
                                    </Toggle>
                                  </div>
                                </SwitchContainer>
                              </Switch>
                            </div>
                          </Styled(div)>
                        </ForwardRef>
                      </div>
                    </PanelItem>
                    <PanelItem
                      alignItems="center"
                      key="1"
                      p={2}
                    >
                      <div
                        className="css-lvujfs-PanelItem eo8n7lk0"
                      >
                        <ForwardRef
                          pr={2}
                          width={0.5}
                        >
                          <Styled(div)
                            pr={2}
                            width={0.5}
                          >
                            <div
                              className="css-1e7c5fs"
                              width={0.5}
                            >
                              <SubscriptionName>
                                <div
                                  className="css-tt56b0-SubscriptionName er83abj0"
                                >
                                  Sentry Newsletter
                                </div>
                              </SubscriptionName>
                              <Description>
                                <div
                                  className="css-781ki1-Description er83abj1"
                                >
                                  Our monthly update on what's new with Sentry and the community.
                                </div>
                              </Description>
                              <SubscribedDescription>
                                <div
                                  className="css-19frbfu-Description-SubscribedDescription er83abj2"
                                >
                                  Not currently subscribed
                                </div>
                              </SubscribedDescription>
                            </div>
                          </Styled(div)>
                        </ForwardRef>
                        <ForwardRef>
                          <Styled(div)>
                            <div
                              className="css-roynbj"
                            >
                              <Switch
                                isActive={false}
                                size="lg"
                                toggle={[Function]}
                              >
                                <SwitchContainer
                                  aria-checked={false}
                                  data-test-id="switch"
                                  isActive={false}
                                  onClick={[Function]}
                                  role="checkbox"
                                  size="lg"
                                >
                                  <div
                                    aria-checked={false}
                                    className="css-tg8hnx-SwitchContainer e1wgeblw0"
                                    data-test-id="switch"
                                    onClick={[Function]}
                                    role="checkbox"
                                    size="lg"
                                  >
                                    <Toggle
                                      isActive={false}
                                      size="lg"
                                    >
                                      <span
                                        className="css-pa284f-Toggle e1wgeblw1"
                                        size="lg"
                                      />
                                    </Toggle>
                                  </div>
                                </SwitchContainer>
                              </Switch>
                            </div>
                          </Styled(div)>
                        </ForwardRef>
                      </div>
                    </PanelItem>
                     
                  </div>
                </PanelBody>
              </div>
            </div>
          </Component>
        </Panel>
        <TextBlock>
          <Component
            className="css-1geyb25-TextBlock ec8ep340"
          >
            <div
              className="css-1geyb25-TextBlock ec8ep340"
            >
              We’re applying GDPR consent and privacy policies to all Sentry contacts, regardless of location. You’ll be able to manage your subscriptions here and from an Unsubscribe link in the footer of all marketing emails.
            </div>
          </Component>
        </TextBlock>
        <TextBlock>
          <Component
            className="css-1geyb25-TextBlock ec8ep340"
          >
            <div
              className="css-1geyb25-TextBlock ec8ep340"
            >
              Please contact 
              <a
                href="mailto:learn@sentry.io"
              >
                learn@sentry.io
              </a>
               with any questions or suggestions.
            </div>
          </Component>
        </TextBlock>
      </div>
    </DocumentTitle>
  </SideEffect(DocumentTitle)>
</AccountSubscriptions>
`;
