// Jest Snapshot v1, https://goo.gl/fbAQLP

exports[`ApiTokenRow renders 1`] = `
<StyledPanelItem
  p={2}
>
  <div>
    <ForwardRef>
      <ForwardRef
        flex="1"
      >
        <div
          style={
            Object {
              "marginBottom": 5,
            }
          }
        >
          <small>
            <TextCopyInput
              flexValueContainer={false}
              onCopy={[Function]}
              renderer={[Function]}
            >
              apitoken123
            </TextCopyInput>
          </small>
        </div>
      </ForwardRef>
      <Action
        pl={2}
      >
        <StyledButton
          icon="icon-circle-subtract"
          onClick={[Function]}
          size="small"
        >
          <span
            className="ref-delete-api-token"
          >
            Remove
          </span>
        </StyledButton>
      </Action>
    </ForwardRef>
  </div>
  <Details>
    <ForwardRef
      flex="1"
    >
      <Heading>
        Scopes
      </Heading>
      <ScopeList>
        scope1, scope2
      </ScopeList>
    </ForwardRef>
    <ForwardRef>
      <Heading>
        Created
      </Heading>
      <Time>
        <DateTime
          date={2018-01-12T02:01:41.000Z}
          seconds={true}
        />
      </Time>
    </ForwardRef>
  </Details>
</StyledPanelItem>
`;
