// Jest Snapshot v1, https://goo.gl/fbAQLP

exports[`ProjectPluginDetails renders 1`] = `
<withPlugins(ProjectPluginDetails)
  location={
    Object {
      "pathame": "/mock-pathname/",
      "query": Object {},
    }
  }
  organization={
    Object {
      "access": Array [
        "org:read",
        "org:write",
        "org:admin",
        "org:integrations",
        "project:read",
        "project:write",
        "project:admin",
        "team:read",
        "team:write",
        "team:admin",
      ],
      "features": Array [],
      "id": "3",
      "name": "Organization Name",
      "onboardingTasks": Array [],
      "projects": Array [],
      "scrapeJavaScript": true,
      "slug": "org-slug",
      "status": Object {
        "id": "active",
        "name": "active",
      },
      "teams": Array [],
    }
  }
  params={
    Object {
      "orgId": "org-slug",
      "pluginId": "amazon-sqs",
      "projectId": "project-slug",
    }
  }
  project={
    Object {
      "environments": Array [],
      "hasAccess": true,
      "id": "2",
      "isBookmarked": false,
      "isMember": true,
      "name": "Project Name",
      "slug": "project-slug",
      "teams": Array [],
    }
  }
>
  <ProjectPluginDetails
    location={
      Object {
        "pathame": "/mock-pathname/",
        "query": Object {},
      }
    }
    organization={
      Object {
        "access": Array [
          "org:read",
          "org:write",
          "org:admin",
          "org:integrations",
          "project:read",
          "project:write",
          "project:admin",
          "team:read",
          "team:write",
          "team:admin",
        ],
        "features": Array [],
        "id": "3",
        "name": "Organization Name",
        "onboardingTasks": Array [],
        "projects": Array [],
        "scrapeJavaScript": true,
        "slug": "org-slug",
        "status": Object {
          "id": "active",
          "name": "active",
        },
        "teams": Array [],
      }
    }
    params={
      Object {
        "orgId": "org-slug",
        "pluginId": "amazon-sqs",
        "projectId": "project-slug",
      }
    }
    plugins={
      Object {
        "error": null,
        "loading": true,
        "pageLinks": null,
        "plugins": Array [],
      }
    }
    project={
      Object {
        "environments": Array [],
        "hasAccess": true,
        "id": "2",
        "isBookmarked": false,
        "isMember": true,
        "name": "Project Name",
        "slug": "project-slug",
        "teams": Array [],
      }
    }
  >
    <SideEffect(DocumentTitle)
      title="Sentry - Sentry"
    >
      <DocumentTitle
        title="Sentry - Sentry"
      >
        <div>
          <SettingsPageHeading
            action={
              <div
                className="pull-right"
              >
                <Button
                  disabled={false}
                  onClick={[Function]}
                  size="small"
                  style={
                    Object {
                      "marginRight": "6px",
                    }
                  }
                >
                  Enable Plugin
                </Button>
                <Button
                  disabled={false}
                  onClick={[Function]}
                  size="small"
                >
                  Reset Configuration
                </Button>
              </div>
            }
            noTitleStyles={false}
            title="Amazon SQS"
          >
            <Wrapper>
              <div
                className="css-1r5ylk7-Wrapper e1kblvez2"
              >
                <ForwardRef
                  alignItems="center"
                >
                  <Styled(div)
                    alignItems="center"
                  >
                    <div
                      className="css-5ipae5"
                    >
                      <Title
                        styled={false}
                      >
                        <div
                          className="css-1ky52ze-Title e1kblvez0"
                        >
                          <HeaderTitle>
                            <h4
                              className="css-1w8ttcn-HeaderTitle e6lvex72"
                            >
                              Amazon SQS
                            </h4>
                          </HeaderTitle>
                        </div>
                      </Title>
                      <Action>
                        <div
                          className="css-18luhfc-Action e1kblvez1"
                        >
                          <div
                            className="pull-right"
                          >
                            <Button
                              disabled={false}
                              onClick={[Function]}
                              size="small"
                              style={
                                Object {
                                  "marginRight": "6px",
                                }
                              }
                            >
                              <StyledButton
                                aria-disabled={false}
                                aria-label="Enable Plugin"
                                disabled={false}
                                onClick={[Function]}
                                role="button"
                                size="small"
                                style={
                                  Object {
                                    "marginRight": "6px",
                                  }
                                }
                              >
                                <Component
                                  aria-disabled={false}
                                  aria-label="Enable Plugin"
                                  className="css-dkprmi-StyledButton-getColors eqrebog0"
                                  onClick={[Function]}
                                  role="button"
                                  size="small"
                                  style={
                                    Object {
                                      "marginRight": "6px",
                                    }
                                  }
                                >
                                  <button
                                    aria-disabled={false}
                                    aria-label="Enable Plugin"
                                    className="css-dkprmi-StyledButton-getColors eqrebog0"
                                    onClick={[Function]}
                                    role="button"
                                    size="small"
                                    style={
                                      Object {
                                        "marginRight": "6px",
                                      }
                                    }
                                  >
                                    <ButtonLabel
                                      size="small"
                                    >
                                      <Component
                                        className="css-7ui8bl-ButtonLabel eqrebog1"
                                        size="small"
                                      >
                                        <span
                                          className="css-7ui8bl-ButtonLabel eqrebog1"
                                        >
                                          Enable Plugin
                                        </span>
                                      </Component>
                                    </ButtonLabel>
                                  </button>
                                </Component>
                              </StyledButton>
                            </Button>
                            <Button
                              disabled={false}
                              onClick={[Function]}
                              size="small"
                            >
                              <StyledButton
                                aria-disabled={false}
                                aria-label="Reset Configuration"
                                disabled={false}
                                onClick={[Function]}
                                role="button"
                                size="small"
                              >
                                <Component
                                  aria-disabled={false}
                                  aria-label="Reset Configuration"
                                  className="css-dkprmi-StyledButton-getColors eqrebog0"
                                  onClick={[Function]}
                                  role="button"
                                  size="small"
                                >
                                  <button
                                    aria-disabled={false}
                                    aria-label="Reset Configuration"
                                    className="css-dkprmi-StyledButton-getColors eqrebog0"
                                    onClick={[Function]}
                                    role="button"
                                    size="small"
                                  >
                                    <ButtonLabel
                                      size="small"
                                    >
                                      <Component
                                        className="css-7ui8bl-ButtonLabel eqrebog1"
                                        size="small"
                                      >
                                        <span
                                          className="css-7ui8bl-ButtonLabel eqrebog1"
                                        >
                                          Reset Configuration
                                        </span>
                                      </Component>
                                    </ButtonLabel>
                                  </button>
                                </Component>
                              </StyledButton>
                            </Button>
                          </div>
                        </div>
                      </Action>
                    </div>
                  </Styled(div)>
                </ForwardRef>
              </div>
            </Wrapper>
          </SettingsPageHeading>
          <div
            className="row"
          >
            <div
              className="col-md-7"
            >
              <PluginConfig
                data={
                  Object {
                    "assets": Array [],
                    "author": Object {
                      "name": "Sentry Team",
                      "url": "https://github.com/getsentry/sentry",
                    },
                    "canDisable": true,
                    "enabled": false,
                    "hasConfiguration": true,
                    "id": "amazon-sqs",
                    "isHidden": false,
                    "name": "Amazon SQS",
                    "slug": "amazon-sqs",
                    "version": "8.23.0.dev0",
                  }
                }
                enabled={false}
                onDisablePlugin={[Function]}
                organization={
                  Object {
                    "access": Array [
                      "org:read",
                      "org:write",
                      "org:admin",
                      "org:integrations",
                      "project:read",
                      "project:write",
                      "project:admin",
                      "team:read",
                      "team:write",
                      "team:admin",
                    ],
                    "features": Array [],
                    "id": "3",
                    "name": "Organization Name",
                    "onboardingTasks": Array [],
                    "projects": Array [],
                    "scrapeJavaScript": true,
                    "slug": "org-slug",
                    "status": Object {
                      "id": "active",
                      "name": "active",
                    },
                    "teams": Array [],
                  }
                }
                project={
                  Object {
                    "environments": Array [],
                    "hasAccess": true,
                    "id": "2",
                    "isBookmarked": false,
                    "isMember": true,
                    "name": "Project Name",
                    "slug": "project-slug",
                    "teams": Array [],
                  }
                }
              >
                <Panel
                  className="plugin-config ref-plugin-config-amazon-sqs"
                >
                  <Component
                    className="plugin-config ref-plugin-config-amazon-sqs css-yahxlu-Panel e1laxa7d0"
                  >
                    <div
                      className="plugin-config ref-plugin-config-amazon-sqs css-yahxlu-Panel e1laxa7d0"
                    >
                      <PanelHeader
                        hasButtons={true}
                      >
                        <Component
                          className="css-jmvceg-PanelHeader-getPadding e1p8v8nv0"
                          hasButtons={true}
                        >
                          <ForwardRef
                            alignItems="center"
                            className="css-jmvceg-PanelHeader-getPadding e1p8v8nv0"
                            justifyContent="space-between"
                          >
                            <Styled(div)
                              alignItems="center"
                              className="css-jmvceg-PanelHeader-getPadding e1p8v8nv0"
                              justifyContent="space-between"
                            >
                              <div
                                className="css-jmvceg-PanelHeader-getPadding e1p8v8nv0 css-v7pzd9"
                              >
                                <ForwardRef
                                  alignItems="center"
                                  flex="1"
                                >
                                  <Styled(div)
                                    alignItems="center"
                                    flex="1"
                                  >
                                    <div
                                      className="css-1yrw3fm"
                                    >
                                      <ForwardRef
                                        alignItems="center"
                                        mr={1}
                                      >
                                        <Styled(div)
                                          alignItems="center"
                                          mr={1}
                                        >
                                          <div
                                            className="css-n9wnqo"
                                          >
                                            <PluginIcon
                                              pluginId="amazon-sqs"
                                              size={20}
                                            >
                                              <IntegrationIcon
                                                image={Object {}}
                                                size={20}
                                              >
                                                <div
                                                  className="css-xzv6mr-IntegrationIcon e1bhjds90"
                                                  size={20}
                                                />
                                              </IntegrationIcon>
                                            </PluginIcon>
                                          </div>
                                        </Styled(div)>
                                      </ForwardRef>
                                      <span>
                                        Amazon SQS
                                      </span>
                                    </div>
                                  </Styled(div)>
                                </ForwardRef>
                              </div>
                            </Styled(div)>
                          </ForwardRef>
                        </Component>
                      </PanelHeader>
                      <PanelBody
                        direction="column"
                        disablePadding={true}
                        flex={false}
                        pt={2}
                        px={2}
                      >
                        <div
                          className="css-9vq8an-textStyles"
                          pt={2}
                          px={2}
                        >
                          <div
                            dangerouslySetInnerHTML={
                              Object {
                                "__html": undefined,
                              }
                            }
                          />
                          <PluginSettings
                            organization={
                              Object {
                                "access": Array [
                                  "org:read",
                                  "org:write",
                                  "org:admin",
                                  "org:integrations",
                                  "project:read",
                                  "project:write",
                                  "project:admin",
                                  "team:read",
                                  "team:write",
                                  "team:admin",
                                ],
                                "features": Array [],
                                "id": "3",
                                "name": "Organization Name",
                                "onboardingTasks": Array [],
                                "projects": Array [],
                                "scrapeJavaScript": true,
                                "slug": "org-slug",
                                "status": Object {
                                  "id": "active",
                                  "name": "active",
                                },
                                "teams": Array [],
                              }
                            }
                            plugin={
                              DefaultPlugin {
                                "assets": Array [],
                                "author": Object {
                                  "name": "Sentry Team",
                                  "url": "https://github.com/getsentry/sentry",
                                },
                                "canDisable": true,
                                "enabled": false,
                                "hasConfiguration": true,
                                "id": "amazon-sqs",
                                "isHidden": false,
                                "name": "Amazon SQS",
                                "slug": "amazon-sqs",
                                "version": "8.23.0.dev0",
                              }
                            }
                            project={
                              Object {
                                "environments": Array [],
                                "hasAccess": true,
                                "id": "2",
                                "isBookmarked": false,
                                "isMember": true,
                                "name": "Project Name",
                                "slug": "project-slug",
                                "teams": Array [],
                              }
                            }
                          />
                        </div>
                      </PanelBody>
                    </div>
                  </Component>
                </Panel>
              </PluginConfig>
            </div>
            <div
              className="col-md-4 col-md-offset-1"
            >
              <div
                className="pluginDetails-meta"
              >
                <h4>
                  Plugin Information
                </h4>
                <dl
                  className="flat"
                >
                  <dt>
                    Name
                  </dt>
                  <dd>
                    Amazon SQS
                  </dd>
                  <dt>
                    Author
                  </dt>
                  <dd>
                    Sentry Team
                  </dd>
                  <div>
                    <dt>
                      URL
                    </dt>
                    <dd>
                      <ExternalLink
                        href="https://github.com/getsentry/sentry"
                        rel="noreferrer noopener"
                        target="_blank"
                      >
                        <a
                          href="https://github.com/getsentry/sentry"
                          rel="noreferrer noopener"
                          target="_blank"
                        >
                          github.com/getsentry/sentry
                        </a>
                      </ExternalLink>
                    </dd>
                  </div>
                  <dt>
                    Version
                  </dt>
                  <dd>
                    8.23.0.dev0
                  </dd>
                </dl>
              </div>
            </div>
          </div>
        </div>
      </DocumentTitle>
    </SideEffect(DocumentTitle)>
  </ProjectPluginDetails>
</withPlugins(ProjectPluginDetails)>
`;
