// Jest Snapshot v1, https://goo.gl/fbAQLP

exports[`OrganizationAccessRequests renders empty 1`] = `""`;

exports[`OrganizationAccessRequests renders list 1`] = `
<Panel>
  <PanelHeader
    disablePadding={true}
  >
    <ForwardRef>
      <ForwardRef
        flex="1"
        px={2}
      >
        Pending Access Requests
      </ForwardRef>
    </ForwardRef>
  </PanelHeader>
  <PanelBody
    direction="column"
    disablePadding={true}
    flex={false}
  >
    <PanelItem
      alignItems="center"
      key="id"
      p={0}
    >
      <ForwardRef
        flex="1"
        p={2}
      >
        <span
          key="5"
        >
          <strong
            key="0"
          >
            sentry@test.com
          </strong>
          <span
            key="1"
          >
             requests access to the 
          </span>
          <strong
            key="2"
          >
            #
            team-slug
          </strong>
          <span
            key="3"
          >
             team.
          </span>
        </span>
      </ForwardRef>
      <ForwardRef
        p={2}
      >
        <Button
          disabled={false}
          onClick={[Function]}
          priority="primary"
          size="small"
          style={
            Object {
              "marginRight": 4,
            }
          }
        >
          Approve
        </Button>
        <Button
          disabled={false}
          onClick={[Function]}
          size="small"
        >
          Deny
        </Button>
      </ForwardRef>
    </PanelItem>
  </PanelBody>
</Panel>
`;
