// Jest Snapshot v1, https://goo.gl/fbAQLP

exports[`OrganizationApiKeysList renders 1`] = `
<OrganizationApiKeysList
  keys={
    Array [
      Object {
        "allowed_origins": "",
        "id": 1,
        "key": "aa624bcc12024702a202cd90be5feda0",
        "label": "Default",
        "scope_list": Array [
          "project:read",
          "event:read",
          "team:read",
          "member:read",
        ],
        "status": 0,
      },
    ]
  }
  params={
    Object {
      "orgId": "org-slug",
    }
  }
  routes={
    Array [
      Object {
        "path": "/",
      },
      Object {
        "path": "/:orgId/",
      },
      Object {
        "path": "/organizations/:orgId/",
      },
      Object {
        "name": "API Key",
        "path": "api-keys/",
      },
    ]
  }
>
  <div>
    <SettingsPageHeading
      action={
        <Button
          disabled={false}
          icon="icon-circle-add"
          priority="primary"
          size="small"
        >
          New API Key
        </Button>
      }
      noTitleStyles={false}
      title="API Keys"
    >
      <Wrapper>
        <div
          className="css-1r5ylk7-Wrapper e1kblvez2"
        >
          <ForwardRef
            alignItems="center"
          >
            <Styled(div)
              alignItems="center"
            >
              <div
                className="css-5ipae5"
              >
                <Title
                  styled={false}
                >
                  <div
                    className="css-1ky52ze-Title e1kblvez0"
                  >
                    <HeaderTitle>
                      <h4
                        className="css-1w8ttcn-HeaderTitle e6lvex72"
                      >
                        API Keys
                      </h4>
                    </HeaderTitle>
                  </div>
                </Title>
                <Action>
                  <div
                    className="css-18luhfc-Action e1kblvez1"
                  >
                    <Button
                      disabled={false}
                      icon="icon-circle-add"
                      priority="primary"
                      size="small"
                    >
                      <StyledButton
                        aria-disabled={false}
                        aria-label="New API Key"
                        disabled={false}
                        onClick={[Function]}
                        priority="primary"
                        role="button"
                        size="small"
                      >
                        <Component
                          aria-disabled={false}
                          aria-label="New API Key"
                          className="css-zvpqlo-StyledButton-getColors eqrebog0"
                          onClick={[Function]}
                          role="button"
                          size="small"
                        >
                          <button
                            aria-disabled={false}
                            aria-label="New API Key"
                            className="css-zvpqlo-StyledButton-getColors eqrebog0"
                            onClick={[Function]}
                            role="button"
                            size="small"
                          >
                            <ButtonLabel
                              priority="primary"
                              size="small"
                            >
                              <Component
                                className="css-7ui8bl-ButtonLabel eqrebog1"
                                priority="primary"
                                size="small"
                              >
                                <span
                                  className="css-7ui8bl-ButtonLabel eqrebog1"
                                >
                                  <Icon
                                    hasChildren={true}
                                    size="small"
                                  >
                                    <Component
                                      className="css-1vdnsie-Icon eqrebog2"
                                      hasChildren={true}
                                      size="small"
                                    >
                                      <span
                                        className="css-1vdnsie-Icon eqrebog2"
                                        size="small"
                                      >
                                        <StyledInlineSvg
                                          size="12px"
                                          src="icon-circle-add"
                                        >
                                          <InlineSvg
                                            className="css-1ov3rcq-StyledInlineSvg eqrebog3"
                                            size="12px"
                                            src="icon-circle-add"
                                          >
                                            <StyledSvg
                                              className="css-1ov3rcq-StyledInlineSvg eqrebog3"
                                              height="12px"
                                              viewBox={Object {}}
                                              width="12px"
                                            >
                                              <svg
                                                className="eqrebog3 css-1jjmnki-StyledSvg-StyledInlineSvg e2idor0"
                                                height="12px"
                                                viewBox={Object {}}
                                                width="12px"
                                              >
                                                <use
                                                  href="#test"
                                                  xlinkHref="#test"
                                                />
                                              </svg>
                                            </StyledSvg>
                                          </InlineSvg>
                                        </StyledInlineSvg>
                                      </span>
                                    </Component>
                                  </Icon>
                                  New API Key
                                </span>
                              </Component>
                            </ButtonLabel>
                          </button>
                        </Component>
                      </StyledButton>
                    </Button>
                  </div>
                </Action>
              </div>
            </Styled(div)>
          </ForwardRef>
        </div>
      </Wrapper>
    </SettingsPageHeading>
    <TextBlock>
      <Component
        className="css-1geyb25-TextBlock ec8ep340"
      >
        <div
          className="css-1geyb25-TextBlock ec8ep340"
        >
          <span
            key="5"
          >
            <span
              key="0"
            >
              API keys grant access to the 
            </span>
            <ExternalLink
              href="https://docs.sentry.io/hosted/api/"
              key="2"
              rel="noreferrer noopener"
              target="_blank"
            >
              <a
                href="https://docs.sentry.io/hosted/api/"
                rel="noreferrer noopener"
                target="_blank"
              >
                <span
                  key="1"
                >
                  developer web API
                </span>
              </a>
            </ExternalLink>
            <span
              key="3"
            >
              .
          If you're looking to configure a Sentry client, you'll need a
          client key which is available in your project settings.
            </span>
          </span>
        </div>
      </Component>
    </TextBlock>
    <div
      className="alert alert-block alert-info"
    >
      <span
        key="5"
      >
        <span
          key="0"
        >
          psst. Until Sentry supports OAuth, you might want to switch to using 
        </span>
        <Link
          key="2"
          to="/settings/account/api/auth-tokens/"
        >
          <Link
            onlyActiveOnIndex={false}
            style={Object {}}
            to="/settings/account/api/auth-tokens/"
          >
            <a
              onClick={[Function]}
              style={Object {}}
            >
              <span
                key="1"
              >
                Auth Tokens
              </span>
            </a>
          </Link>
        </Link>
        <span
          key="3"
        >
           instead.
        </span>
      </span>
    </div>
    <Panel>
      <Component
        className="css-yahxlu-Panel e1laxa7d0"
      >
        <div
          className="css-yahxlu-Panel e1laxa7d0"
        >
          <PanelHeader
            alignItems="center"
            disablePadding={true}
          >
            <Component
              alignItems="center"
              className="css-18sl05e-PanelHeader-getPadding e1p8v8nv0"
              disablePadding={true}
            >
              <ForwardRef
                alignItems="center"
                className="css-18sl05e-PanelHeader-getPadding e1p8v8nv0"
                justifyContent="space-between"
              >
                <Styled(div)
                  alignItems="center"
                  className="css-18sl05e-PanelHeader-getPadding e1p8v8nv0"
                  justifyContent="space-between"
                >
                  <div
                    className="css-18sl05e-PanelHeader-getPadding e1p8v8nv0 css-v7pzd9"
                  >
                    <ForwardRef
                      alignItems="center"
                      flex="1"
                    >
                      <Styled(div)
                        alignItems="center"
                        flex="1"
                      >
                        <div
                          className="css-1yrw3fm"
                        >
                          <ForwardRef
                            flex="1"
                            px={2}
                          >
                            <Styled(div)
                              flex="1"
                              px={2}
                            >
                              <div
                                className="css-oejw89"
                              >
                                Name
                              </div>
                            </Styled(div)>
                          </ForwardRef>
                          <ForwardRef
                            flex="2"
                            px={2}
                          >
                            <Styled(div)
                              flex="2"
                              px={2}
                            >
                              <div
                                className="css-1glc3cx"
                              >
                                Key
                              </div>
                            </Styled(div)>
                          </ForwardRef>
                        </div>
                      </Styled(div)>
                    </ForwardRef>
                    <ForwardRef
                      px={2}
                      width={100}
                    >
                      <Styled(div)
                        px={2}
                        width={100}
                      >
                        <div
                          className="css-1kmkq6n"
                          width={100}
                        >
                          Actions
                        </div>
                      </Styled(div)>
                    </ForwardRef>
                  </div>
                </Styled(div)>
              </ForwardRef>
            </Component>
          </PanelHeader>
          <PanelBody
            direction="column"
            disablePadding={true}
            flex={false}
          >
            <div
              className="css-9vq8an-textStyles"
            >
              <PanelItem
                alignItems="center"
                key="1"
                p={0}
                py={1}
              >
                <div
                  className="css-q87s94-PanelItem eo8n7lk0"
                >
                  <ForwardRef
                    alignItems="center"
                    flex="1"
                  >
                    <Styled(div)
                      alignItems="center"
                      flex="1"
                    >
                      <div
                        className="css-1yrw3fm"
                      >
                        <ForwardRef
                          alignItems="center"
                          flex="1"
                          px={2}
                        >
                          <Styled(div)
                            alignItems="center"
                            flex="1"
                            px={2}
                          >
                            <div
                              className="css-oejw89"
                            >
                              <Link
                                to="/organizations/org-slug/api-keys/1/"
                              >
                                <Link
                                  onlyActiveOnIndex={false}
                                  style={Object {}}
                                  to="/organizations/org-slug/api-keys/1/"
                                >
                                  <a
                                    onClick={[Function]}
                                    style={Object {}}
                                  >
                                    Default
                                  </a>
                                </Link>
                              </Link>
                            </div>
                          </Styled(div)>
                        </ForwardRef>
                        <ForwardRef
                          flex="2"
                          px={2}
                        >
                          <Styled(div)
                            flex="2"
                            px={2}
                          >
                            <div
                              className="css-1glc3cx"
                            >
                              <div
                                className="form-control disabled auto-select"
                              >
                                aa624bcc12024702a202cd90be5feda0
                              </div>
                            </div>
                          </Styled(div)>
                        </ForwardRef>
                      </div>
                    </Styled(div)>
                  </ForwardRef>
                  <ForwardRef
                    px={2}
                    width={100}
                  >
                    <Styled(div)
                      px={2}
                      width={100}
                    >
                      <div
                        className="css-1kmkq6n"
                        width={100}
                      >
                        <LinkWithConfirmation
                          className="btn btn-default btn-sm"
                          message="Are you sure you want to remove this API key?"
                          onConfirm={[Function]}
                          title="Remove API Key?"
                        >
                          <Confirm
                            cancelText="Cancel"
                            confirmText="Confirm"
                            disableConfirmButton={false}
                            message="Are you sure you want to remove this API key?"
                            onConfirm={[Function]}
                            priority="primary"
                            stopPropagation={false}
                          >
                            <a
                              className="btn btn-default btn-sm"
                              onClick={[Function]}
                              title="Remove API Key?"
                            >
                              <span
                                className="icon-trash"
                              />
                            </a>
                            <Modal
                              animation={false}
                              autoFocus={true}
                              backdrop={true}
                              bsClass="modal"
                              dialogComponentClass={[Function]}
                              enforceFocus={true}
                              keyboard={true}
                              manager={
                                ModalManager {
                                  "add": [Function],
                                  "containers": Array [],
                                  "data": Array [],
                                  "handleContainerOverflow": true,
                                  "hideSiblingNodes": true,
                                  "isTopModal": [Function],
                                  "modals": Array [],
                                  "remove": [Function],
                                }
                              }
                              onHide={[Function]}
                              renderBackdrop={[Function]}
                              restoreFocus={true}
                              show={false}
                            >
                              <Modal
                                autoFocus={true}
                                backdrop={true}
                                backdropClassName="modal-backdrop"
                                containerClassName="modal-open"
                                enforceFocus={true}
                                keyboard={true}
                                manager={
                                  ModalManager {
                                    "add": [Function],
                                    "containers": Array [],
                                    "data": Array [],
                                    "handleContainerOverflow": true,
                                    "hideSiblingNodes": true,
                                    "isTopModal": [Function],
                                    "modals": Array [],
                                    "remove": [Function],
                                  }
                                }
                                onEntering={[Function]}
                                onExited={[Function]}
                                onHide={[Function]}
                                renderBackdrop={[Function]}
                                restoreFocus={true}
                                show={false}
                              />
                            </Modal>
                          </Confirm>
                        </LinkWithConfirmation>
                      </div>
                    </Styled(div)>
                  </ForwardRef>
                </div>
              </PanelItem>
            </div>
          </PanelBody>
        </div>
      </Component>
    </Panel>
  </div>
</OrganizationApiKeysList>
`;
