// Jest Snapshot v1, https://goo.gl/fbAQLP

exports[`CreateProject should render loading 1`] = `
<div>
  <SettingsPageHeading
    noTitleStyles={false}
    title="Add Member to Organization"
  />
  <TextBlock>
    Invite a member to join this organization via their email address. If they do not already have an account, they will first be asked to create one. Multiple emails delimited by commas.
  </TextBlock>
  <LoadingIndicator />
</div>
`;

exports[`CreateProject should render roles when available and allowed, and handle submitting 1`] = `
<InviteMember
  location={
    Object {
      "query": Object {},
    }
  }
  params={
    Object {
      "orgId": "testOrg",
    }
  }
>
  <div>
    <SettingsPageHeading
      noTitleStyles={false}
      title="Add Member to Organization"
    >
      <Wrapper>
        <div
          className="css-1r5ylk7-Wrapper e1ievzxl2"
        >
          <Flex
            align="center"
          >
            <Base
              align="center"
              className="css-5ipae5"
            >
              <div
                className="css-5ipae5"
                is={null}
              >
                <Title
                  styled={false}
                >
                  <Base
                    className="css-1ky52ze-Title e1ievzxl0"
                  >
                    <div
                      className="css-1ky52ze-Title e1ievzxl0"
                      is={null}
                    >
                      <HeaderTitle>
                        <h4
                          className="css-1w8ttcn-HeaderTitle elc10ae2"
                        >
                          Add Member to Organization
                        </h4>
                      </HeaderTitle>
                    </div>
                  </Base>
                </Title>
              </div>
            </Base>
          </Flex>
        </div>
      </Wrapper>
    </SettingsPageHeading>
    <TextBlock>
      <Component
        className="css-1geyb25-TextBlock e12j2fov0"
      >
        <div
          className="css-1geyb25-TextBlock e12j2fov0"
        >
          Invite a member to join this organization via their email address. If they do not already have an account, they will first be asked to create one. Multiple emails delimited by commas.
        </div>
      </Component>
    </TextBlock>
    <div>
      <div
        className=""
      >
        <TextField
          disabled={false}
          hideErrorMessage={false}
          label="Email(s)"
          name="email"
          onChange={[Function]}
          placeholder="e.g. teammate@example.com"
          required={false}
          spellCheck="false"
        >
          <div
            className="control-group"
          >
            <div
              className="controls"
            >
              <label
                className="control-label"
                htmlFor="id-email"
              >
                Email(s)
              </label>
              <input
                className="form-control"
                disabled={false}
                id="id-email"
                name="email"
                onChange={[Function]}
                placeholder="e.g. teammate@example.com"
                required={false}
                spellCheck="false"
                type="text"
                value=""
              />
            </div>
          </div>
        </TextField>
      </div>
      <RoleSelect
        enforceAllowed={true}
        roleList={
          Array [
            Object {
              "allowed": true,
              "desc": "a normal member",
              "id": "1",
              "name": "member",
            },
            Object {
              "allowed": true,
              "desc": "another role",
              "id": "2",
              "name": "bar",
            },
          ]
        }
        selectedRole="member"
        setRole={[Function]}
      >
        <Panel>
          <Component
            className="css-yahxlu-Panel e16u4s2c0"
          >
            <div
              className="css-yahxlu-Panel e16u4s2c0"
            >
              <PanelHeader>
                <Component
                  className="css-xhx6pj-PanelHeader-getPadding e1o9kety0"
                >
                  <Flex
                    align="center"
                    className="css-xhx6pj-PanelHeader-getPadding e1o9kety0"
                    justify="space-between"
                  >
                    <Base
                      align="center"
                      className="e1o9kety0 css-b7ices-PanelHeader-getPadding"
                      justify="space-between"
                    >
                      <div
                        className="e1o9kety0 css-b7ices-PanelHeader-getPadding"
                        is={null}
                      >
                        Role
                      </div>
                    </Base>
                  </Flex>
                </Component>
              </PanelHeader>
              <PanelBody
                direction="column"
                disablePadding={true}
                flex={false}
              >
                <div
                  className="css-9vq8an-textStyles"
                >
                  <PanelItem
                    className="css-0"
                    key="1"
                    onClick={[Function]}
                    p={2}
                  >
                    <Base
                      className="css-125s2dx-PanelItem egwqg5y0"
                      onClick={[Function]}
                      p={2}
                    >
                      <div
                        className="css-125s2dx-PanelItem egwqg5y0"
                        is={null}
                        onClick={[Function]}
                      >
                        <Label>
                          <label
                            className="css-r8kahz-Label ehiyefc0"
                          >
                            <Radio
                              checked={false}
                              id="1"
                              readOnly={true}
                              style={
                                Object {
                                  "margin": 0,
                                }
                              }
                              value="member"
                            >
                              <input
                                checked={false}
                                className="radio-select"
                                id="1"
                                readOnly={true}
                                style={
                                  Object {
                                    "margin": 0,
                                  }
                                }
                                type="radio"
                                value="member"
                              />
                            </Radio>
                            <div
                              style={
                                Object {
                                  "flex": 1,
                                  "padding": "0 16px",
                                }
                              }
                            >
                              member
                              <TextBlock
                                className="css-gx0lhm"
                              >
                                <Component
                                  className="css-1ai2po6-TextBlock e12j2fov0"
                                >
                                  <div
                                    className="css-1ai2po6-TextBlock e12j2fov0"
                                  >
                                    <div
                                      className="help-block"
                                    >
                                      a normal member
                                    </div>
                                  </div>
                                </Component>
                              </TextBlock>
                            </div>
                          </label>
                        </Label>
                      </div>
                    </Base>
                  </PanelItem>
                  <PanelItem
                    className="css-0"
                    key="2"
                    onClick={[Function]}
                    p={2}
                  >
                    <Base
                      className="css-125s2dx-PanelItem egwqg5y0"
                      onClick={[Function]}
                      p={2}
                    >
                      <div
                        className="css-125s2dx-PanelItem egwqg5y0"
                        is={null}
                        onClick={[Function]}
                      >
                        <Label>
                          <label
                            className="css-r8kahz-Label ehiyefc0"
                          >
                            <Radio
                              checked={false}
                              id="2"
                              readOnly={true}
                              style={
                                Object {
                                  "margin": 0,
                                }
                              }
                              value="bar"
                            >
                              <input
                                checked={false}
                                className="radio-select"
                                id="2"
                                readOnly={true}
                                style={
                                  Object {
                                    "margin": 0,
                                  }
                                }
                                type="radio"
                                value="bar"
                              />
                            </Radio>
                            <div
                              style={
                                Object {
                                  "flex": 1,
                                  "padding": "0 16px",
                                }
                              }
                            >
                              bar
                              <TextBlock
                                className="css-gx0lhm"
                              >
                                <Component
                                  className="css-1ai2po6-TextBlock e12j2fov0"
                                >
                                  <div
                                    className="css-1ai2po6-TextBlock e12j2fov0"
                                  >
                                    <div
                                      className="help-block"
                                    >
                                      another role
                                    </div>
                                  </div>
                                </Component>
                              </TextBlock>
                            </div>
                          </label>
                        </Label>
                      </div>
                    </Base>
                  </PanelItem>
                </div>
              </PanelBody>
            </div>
          </Component>
        </Panel>
      </RoleSelect>
      <withApi(TeamSelect)
        onAddTeam={[Function]}
        onRemoveTeam={[Function]}
        organization={
          Object {
            "id": "1",
            "slug": "testOrg",
            "teams": Array [
              Object {
                "hasAccess": true,
                "id": "1",
                "name": "bar",
                "slug": "bar",
              },
              Object {
                "hasAccess": false,
                "id": "2",
                "name": "foo",
                "slug": "foo",
              },
            ],
          }
        }
        selectedTeams={Array []}
      >
        <TeamSelect
          api={Client {}}
          onAddTeam={[Function]}
          onRemoveTeam={[Function]}
          organization={
            Object {
              "id": "1",
              "slug": "testOrg",
              "teams": Array [
                Object {
                  "hasAccess": true,
                  "id": "1",
                  "name": "bar",
                  "slug": "bar",
                },
                Object {
                  "hasAccess": false,
                  "id": "2",
                  "name": "foo",
                  "slug": "foo",
                },
              ],
            }
          }
          selectedTeams={Array []}
        >
          <Panel>
            <Component
              className="css-yahxlu-Panel e16u4s2c0"
            >
              <div
                className="css-yahxlu-Panel e16u4s2c0"
              >
                <PanelHeader
                  hasButtons={true}
                >
                  <Component
                    className="css-jmvceg-PanelHeader-getPadding e1o9kety0"
                    hasButtons={true}
                  >
                    <Flex
                      align="center"
                      className="css-jmvceg-PanelHeader-getPadding e1o9kety0"
                      justify="space-between"
                    >
                      <Base
                        align="center"
                        className="e1o9kety0 css-19i62qd-PanelHeader-getPadding"
                        justify="space-between"
                      >
                        <div
                          className="e1o9kety0 css-19i62qd-PanelHeader-getPadding"
                          is={null}
                        >
                          Team
                          <DropdownAutoComplete
                            alignMenu="right"
                            disabled={true}
                            emptyMessage="No teams"
                            items={Array []}
                            onChange={[Function]}
                            onSelect={[Function]}
                          >
                            <DropdownAutoCompleteMenu
                              alignMenu="right"
                              blendCorner={true}
                              disabled={true}
                              emptyMessage="No teams"
                              items={Array []}
                              maxHeight={300}
                              onChange={[Function]}
                              onSelect={[Function]}
                              searchPlaceholder="Filter search"
                            >
                              <AutoComplete
                                closeOnSelect={true}
                                disabled={true}
                                inputIsActor={false}
                                itemToString={[Function]}
                                onSelect={[Function]}
                                resetInputOnClose={true}
                                shouldSelectWithEnter={true}
                                shouldSelectWithTab={false}
                              >
                                <DropdownMenu
                                  closeOnEscape={true}
                                  isOpen={false}
                                  keepMenuOpen={false}
                                  onClickOutside={[Function]}
                                >
                                  <AutoCompleteRoot>
                                    <Component
                                      className="css-6v04yn-AutoCompleteRoot egdot0r0"
                                    >
                                      <div
                                        className="css-6v04yn-AutoCompleteRoot egdot0r0"
                                      >
                                        <Actor
                                          innerRef={[Function]}
                                          isOpen={false}
                                          onClick={[Function]}
                                          onKeyDown={[Function]}
                                          onMouseEnter={[Function]}
                                          onMouseLeave={[Function]}
                                          role="button"
                                          style={
                                            Object {
                                              "outline": "none",
                                            }
                                          }
                                          tabIndex={-1}
                                        >
                                          <div
                                            className="css-17fe80j-Actor evu979k0"
                                            onClick={[Function]}
                                            onKeyDown={[Function]}
                                            onMouseEnter={[Function]}
                                            onMouseLeave={[Function]}
                                            role="button"
                                            style={
                                              Object {
                                                "outline": "none",
                                              }
                                            }
                                            tabIndex={-1}
                                          >
                                            <DropdownButton
                                              disabled={true}
                                              isOpen={false}
                                              size="xsmall"
                                            >
                                              <StyledButton
                                                disabled={true}
                                                isOpen={false}
                                                size="xsmall"
                                              >
                                                <Component
                                                  className="css-w99oc4-StyledButton e1a9ys5x1"
                                                  disabled={true}
                                                  isOpen={false}
                                                  size="xsmall"
                                                >
                                                  <Button
                                                    className="css-w99oc4-StyledButton e1a9ys5x1"
                                                    disabled={true}
                                                    size="xsmall"
                                                  >
                                                    <StyledButton
                                                      aria-disabled={true}
                                                      className="css-w99oc4-StyledButton e1a9ys5x1"
                                                      disabled={true}
                                                      href={null}
                                                      onClick={[Function]}
                                                      role="button"
                                                      size="xsmall"
                                                      to={null}
                                                    >
                                                      <Component
                                                        aria-disabled={true}
                                                        className="e1a9ys5x1 css-10lmrhm-StyledButton-getColors-StyledButton e7bsqvz0"
                                                        href={null}
                                                        onClick={[Function]}
                                                        role="button"
                                                        size="xsmall"
                                                        to={null}
                                                      >
                                                        <button
                                                          aria-disabled={true}
                                                          className="e1a9ys5x1 css-10lmrhm-StyledButton-getColors-StyledButton e7bsqvz0"
                                                          href={null}
                                                          onClick={[Function]}
                                                          role="button"
                                                          size="xsmall"
                                                          to={null}
                                                        >
                                                          <ButtonLabel
                                                            size="xsmall"
                                                          >
                                                            <Component
                                                              className="css-uthd1f-ButtonLabel e7bsqvz1"
                                                              size="xsmall"
                                                            >
                                                              <span
                                                                className="css-uthd1f-ButtonLabel e7bsqvz1"
                                                              >
                                                                Add Team
                                                                <StyledChevronDown>
                                                                  <Component
                                                                    className="css-17v3tc-StyledChevronDown e1a9ys5x0"
                                                                  >
                                                                    <InlineSvg
                                                                      className="css-17v3tc-StyledChevronDown e1a9ys5x0"
                                                                      src="icon-chevron-down"
                                                                    >
                                                                      <StyledSvg
                                                                        className="css-17v3tc-StyledChevronDown e1a9ys5x0"
                                                                        height="1em"
                                                                        viewBox={Object {}}
                                                                        width="1em"
                                                                      >
                                                                        <svg
                                                                          className="e1a9ys5x0 css-1gdv3x4-StyledSvg-StyledChevronDown ebb48o80"
                                                                          height="1em"
                                                                          viewBox={Object {}}
                                                                          width="1em"
                                                                        >
                                                                          <use
                                                                            href="#test"
                                                                            xlinkHref="#test"
                                                                          />
                                                                        </svg>
                                                                      </StyledSvg>
                                                                    </InlineSvg>
                                                                  </Component>
                                                                </StyledChevronDown>
                                                              </span>
                                                            </Component>
                                                          </ButtonLabel>
                                                        </button>
                                                      </Component>
                                                    </StyledButton>
                                                  </Button>
                                                </Component>
                                              </StyledButton>
                                            </DropdownButton>
                                          </div>
                                        </Actor>
                                      </div>
                                    </Component>
                                  </AutoCompleteRoot>
                                </DropdownMenu>
                              </AutoComplete>
                            </DropdownAutoCompleteMenu>
                          </DropdownAutoComplete>
                        </div>
                      </Base>
                    </Flex>
                  </Component>
                </PanelHeader>
                <PanelBody
                  direction="column"
                  disablePadding={true}
                  flex={false}
                >
                  <div
                    className="css-9vq8an-textStyles"
                  >
                    <EmptyMessage>
                      <Wrapper>
                        <div
                          className="css-ev9qm0-Wrapper e3bh5aq0"
                        >
                          <Description
                            noMargin={true}
                          >
                            <Component
                              className="css-pwn5v-TextBlock-Description-MarginStyles e3bh5aq1"
                              noMargin={true}
                            >
                              <div
                                className="css-pwn5v-TextBlock-Description-MarginStyles e3bh5aq1"
                              >
                                No Teams assigned
                              </div>
                            </Component>
                          </Description>
                        </div>
                      </Wrapper>
                    </EmptyMessage>
                  </div>
                </PanelBody>
              </div>
            </Component>
          </Panel>
        </TeamSelect>
      </withApi(TeamSelect)>
      <Button
        busy={false}
        className="invite-member-submit"
        disabled={false}
        onClick={[Function]}
        priority="primary"
      >
        <StyledButton
          aria-disabled={false}
          aria-label="Add Member"
          busy={false}
          className="invite-member-submit"
          disabled={false}
          onClick={[Function]}
          priority="primary"
          role="button"
        >
          <Component
            aria-disabled={false}
            aria-label="Add Member"
            className="invite-member-submit css-1msljz8-StyledButton-getColors e7bsqvz0"
            onClick={[Function]}
            role="button"
          >
            <button
              aria-disabled={false}
              aria-label="Add Member"
              className="invite-member-submit css-1msljz8-StyledButton-getColors e7bsqvz0"
              onClick={[Function]}
              role="button"
            >
              <ButtonLabel
                priority="primary"
              >
                <Component
                  className="css-ga4b18-ButtonLabel e7bsqvz1"
                  priority="primary"
                >
                  <span
                    className="css-ga4b18-ButtonLabel e7bsqvz1"
                  >
                    Add Member
                  </span>
                </Component>
              </ButtonLabel>
            </button>
          </Component>
        </StyledButton>
      </Button>
    </div>
  </div>
</InviteMember>
`;

exports[`CreateProject should use invite/add language based on config 1`] = `
<TextBlock>
  You may add a user by their username if they already have an account. Multiple inputs delimited by commas.
</TextBlock>
`;
